// Jest Snapshot v1, https://goo.gl/fbAQLP

exports[`Routes matches render snapshot 1`] = `
[
  {
    "element": {
      "$$typeof": Symbol(react.transitional.element),
      "_owner": null,
      "_store": {},
      "key": null,
      "props": {},
      "type": [Function],
    },
    "exact": true,
    "path": "/",
  },
  {
    "children": [
      {
        "exact": true,
        "path": ":projectName",
      },
    ],
    "element": {
      "$$typeof": Symbol(react.transitional.element),
      "_owner": null,
      "_store": {},
      "key": null,
      "props": {},
      "type": [Function],
    },
    "exact": true,
    "path": "labs",
  },
  {
    "children": [
      {
        "element": {
          "$$typeof": Symbol(react.transitional.element),
          "_owner": null,
          "_store": {},
          "key": null,
          "props": {},
          "type": [Function],
        },
        "exact": true,
        "path": "emmanuel",
      },
    ],
    "path": "profile",
  },
  {
    "element": {
      "$$typeof": Symbol(react.transitional.element),
      "_owner": null,
      "_store": {},
      "key": null,
      "props": {},
      "type": [Function],
    },
    "exact": true,
    "path": "profile.emmanuel",
  },
]
`;
