// Jest Snapshot v1, https://goo.gl/fbAQLP

exports[`Routes matches render snapshot 1`] = `
[
  {
    "element": <Loadable />,
    "exact": true,
    "path": "/",
  },
  {
    "children": [
      {
        "exact": true,
        "path": ":projectName",
      },
    ],
    "element": <Loadable />,
    "exact": true,
    "path": "labs",
  },
  {
    "children": [
      {
        "element": <Loadable />,
        "exact": true,
        "path": "emmanuel",
      },
    ],
    "path": "profile",
  },
  {
    "element": <Loadable />,
    "exact": true,
    "path": "profile.emmanuel",
  },
]
`;
